// Jest Snapshot v1, https://goo.gl/fbAQLP

exports[`<RigNav /> renders correctly 1`] = `
ShallowWrapper {
  "length": 1,
  Symbol(enzyme.__root__): [Circular],
  Symbol(enzyme.__unrendered__): <RigNav
    configHandler={[Function]}
    error=""
    liveConfigHandler={[Function]}
    openConfigurationsHandler={[Function]}
    selectedView="test"
    viewerHandler={[Function]}
/>,
  Symbol(enzyme.__renderer__): Object {
    "batchedUpdates": [Function],
    "getNode": [Function],
    "render": [Function],
    "simulateEvent": [Function],
    "unmount": [Function],
  },
  Symbol(enzyme.__node__): Object {
    "instance": null,
    "key": undefined,
    "nodeType": "host",
    "props": Object {
      "children": Array [
        <a
          className="top-nav-item"
          onClick={[Function]}
>
          Extension Views
</a>,
        <a
          className="top-nav-item"
          onClick={[Function]}
>
          Broadcaster Config
</a>,
        <a
          className="top-nav-item"
          onClick={[Function]}
>
          Live Config
</a>,
        <a
          className="top-nav-item"
          onClick={[Function]}
>
          Configurations
</a>,
      ],
      "className": "top-nav",
    },
    "ref": null,
    "rendered": Array [
      Object {
        "instance": null,
        "key": undefined,
        "nodeType": "host",
        "props": Object {
          "children": "Extension Views",
          "className": "top-nav-item",
          "onClick": [Function],
        },
        "ref": null,
        "rendered": "Extension Views",
        "type": "a",
      },
      Object {
        "instance": null,
        "key": undefined,
        "nodeType": "host",
        "props": Object {
          "children": "Broadcaster Config",
          "className": "top-nav-item",
          "onClick": [Function],
        },
        "ref": null,
        "rendered": "Broadcaster Config",
        "type": "a",
      },
      Object {
        "instance": null,
        "key": undefined,
        "nodeType": "host",
        "props": Object {
          "children": "Live Config",
          "className": "top-nav-item",
          "onClick": [Function],
        },
        "ref": null,
        "rendered": "Live Config",
        "type": "a",
      },
      Object {
        "instance": null,
        "key": undefined,
        "nodeType": "host",
        "props": Object {
          "children": "Configurations",
          "className": "top-nav-item",
          "onClick": [Function],
        },
        "ref": null,
        "rendered": "Configurations",
        "type": "a",
      },
    ],
    "type": "div",
  },
  Symbol(enzyme.__nodes__): Array [
    Object {
      "instance": null,
      "key": undefined,
      "nodeType": "host",
      "props": Object {
        "children": Array [
          <a
            className="top-nav-item"
            onClick={[Function]}
>
            Extension Views
</a>,
          <a
            className="top-nav-item"
            onClick={[Function]}
>
            Broadcaster Config
</a>,
          <a
            className="top-nav-item"
            onClick={[Function]}
>
            Live Config
</a>,
          <a
            className="top-nav-item"
            onClick={[Function]}
>
            Configurations
</a>,
        ],
        "className": "top-nav",
      },
      "ref": null,
      "rendered": Array [
        Object {
          "instance": null,
          "key": undefined,
          "nodeType": "host",
          "props": Object {
            "children": "Extension Views",
            "className": "top-nav-item",
            "onClick": [Function],
          },
          "ref": null,
          "rendered": "Extension Views",
          "type": "a",
        },
        Object {
          "instance": null,
          "key": undefined,
          "nodeType": "host",
          "props": Object {
            "children": "Broadcaster Config",
            "className": "top-nav-item",
            "onClick": [Function],
          },
          "ref": null,
          "rendered": "Broadcaster Config",
          "type": "a",
        },
        Object {
          "instance": null,
          "key": undefined,
          "nodeType": "host",
          "props": Object {
            "children": "Live Config",
            "className": "top-nav-item",
            "onClick": [Function],
          },
          "ref": null,
          "rendered": "Live Config",
          "type": "a",
        },
        Object {
          "instance": null,
          "key": undefined,
          "nodeType": "host",
          "props": Object {
            "children": "Configurations",
            "className": "top-nav-item",
            "onClick": [Function],
          },
          "ref": null,
          "rendered": "Configurations",
          "type": "a",
        },
      ],
      "type": "div",
    },
  ],
  Symbol(enzyme.__options__): Object {
    "adapter": ReactSixteenAdapter {
      "options": Object {
        "enableComponentDidUpdateOnSetState": true,
      },
    },
  },
}
`;
